// Jest Snapshot v1, https://goo.gl/fbAQLP

exports[`Render CatalogGenres 1`] = `
<ul
  className="catalog__genres-list"
>
  <li
    className="catalog__genres-item catalog__genres-item--active"
  >
    <a
      className="catalog__genres-link"
      href="#"
    >
      Все жанры
    </a>
  </li>
  <li
    className="catalog__genres-item false"
  >
    <a
      className="catalog__genres-link"
      href="#"
    >
      Комедия
    </a>
  </li>
  <li
    className="catalog__genres-item false"
  >
    <a
      className="catalog__genres-link"
      href="#"
    >
      Музыка
    </a>
  </li>
  <li
    className="catalog__genres-item false"
  >
    <a
      className="catalog__genres-link"
      href="#"
    >
      Научный
    </a>
  </li>
  <li
    className="catalog__genres-item false"
  >
    <a
      className="catalog__genres-link"
      href="#"
    >
      Мюзикл
    </a>
  </li>
  <li
    className="catalog__genres-item false"
  >
    <a
      className="catalog__genres-link"
      href="#"
    >
      Реалити-шоу
    </a>
  </li>
  <li
    className="catalog__genres-item false"
  >
    <a
      className="catalog__genres-link"
      href="#"
    >
      Кинокомикс
    </a>
  </li>
  <li
    className="catalog__genres-item false"
  >
    <a
      className="catalog__genres-link"
      href="#"
    >
      Вестерн
    </a>
  </li>
  <li
    className="catalog__genres-item false"
  >
    <a
      className="catalog__genres-link"
      href="#"
    >
      Ток-шоу
    </a>
  </li>
</ul>
`;
