// Jest Snapshot v1, https://goo.gl/fbAQLP

exports[`Render PageContentGenres 1`] = `
<ul
  className="catalog__genres-list"
>
  <li
    className="catalog__genres-item
            catalog__genres-item--active"
    onClick={[Function]}
  >
    <a
      className="catalog__genres-link"
      href="#"
    >
      Все жанры
    </a>
  </li>
  <li
    className="catalog__genres-item
            false"
    onClick={[Function]}
  >
    <a
      className="catalog__genres-link"
      href="#"
    >
      Криминал
    </a>
  </li>
  <li
    className="catalog__genres-item
            false"
    onClick={[Function]}
  >
    <a
      className="catalog__genres-link"
      href="#"
    >
      Исторический
    </a>
  </li>
  <li
    className="catalog__genres-item
            false"
    onClick={[Function]}
  >
    <a
      className="catalog__genres-link"
      href="#"
    >
      Триллер
    </a>
  </li>
  <li
    className="catalog__genres-item
            false"
    onClick={[Function]}
  >
    <a
      className="catalog__genres-link"
      href="#"
    >
      Короткометражный
    </a>
  </li>
  <li
    className="catalog__genres-item
            false"
    onClick={[Function]}
  >
    <a
      className="catalog__genres-link"
      href="#"
    >
      Мистика
    </a>
  </li>
  <li
    className="catalog__genres-item
            false"
    onClick={[Function]}
  >
    <a
      className="catalog__genres-link"
      href="#"
    >
      Вестерн
    </a>
  </li>
  <li
    className="catalog__genres-item
            false"
    onClick={[Function]}
  >
    <a
      className="catalog__genres-link"
      href="#"
    >
      Ужасы
    </a>
  </li>
  <li
    className="catalog__genres-item
            false"
    onClick={[Function]}
  >
    <a
      className="catalog__genres-link"
      href="#"
    >
      Спорт
    </a>
  </li>
</ul>
`;
