// Jest Snapshot v1, https://goo.gl/fbAQLP

exports[`Render MovieCardFullText 1`] = `
<div
  className="movie-card__text"
>
  <p
    className="movie-card__director"
  >
    <strong>
      Director: Слёзы, одна за другой, покатились по морщинистым щекам деда. Он мотал головой и плакал, просто молча плакал…
    </strong>
  </p>
  <p
    className="movie-card__starring"
  >
    <strong>
      Starring: Стивен Спилберг, Питер Джексон
    </strong>
  </p>
</div>
`;
