// Jest Snapshot v1, https://goo.gl/fbAQLP

exports[`Render MovieCardFullInfo 1`] = `
<div
  className="movie-card__wrap movie-card__translate-top"
>
  <div
    className="movie-card__info"
  >
    <div
      className="movie-card__poster movie-card__poster--big"
    >
      <img
        alt="Macbeth"
        height="327"
        src="img/macbeth.jpg"
        width="218"
      />
    </div>
    <div
      className="movie-card__desc"
    >
      <nav
        className="movie-nav movie-card__nav"
      >
        <ul
          className="movie-nav__list"
        >
          <li
            className="movie-nav__item movie-nav__item--active"
          >
            <a
              className="movie-nav__link"
              href="#"
            >
              Overview
            </a>
          </li>
          <li
            className="movie-nav__item false"
          >
            <a
              className="movie-nav__link"
              href="#"
            >
              Details
            </a>
          </li>
          <li
            className="movie-nav__item false"
          >
            <a
              className="movie-nav__link"
              href="#"
            >
              Reviews
            </a>
          </li>
        </ul>
      </nav>
      <div
        className="movie-rating"
      >
        <div
          className="movie-rating__score"
        >
          6.6
        </div>
        <p
          className="movie-rating__meta"
        >
          <span
            className="movie-rating__level"
          >
            Good
          </span>
          <span
            className="movie-rating__count"
          >
            901 ratings
          </span>
        </p>
      </div>
      <div
        className="movie-card__text"
      >
        <p>
          https://upload.wikimedia.org/wikipedia/commons/transcoded/b/b3/Big_Buck_Bunny_Trailer_400p.ogv/Big_Buck_Bunny_Trailer_400p.ogv.360p.webm
        </p>
        <p
          className="movie-card__director"
        >
          <strong>
            Director: Я нёс цветы, дед свою поломанную ветку, мы шли молча.
          </strong>
        </p>
        <p
          className="movie-card__starring"
        >
          <strong>
            Starring: Дэвид Линч, Альфред Хичкок, Сидни Люмет, Квентин Тарантино, Майкл Манн, Кристофер Нолан, Леонид Гайдай, Билли Уайлдер
          </strong>
        </p>
      </div>
    </div>
  </div>
</div>
`;
